============================= test session starts ==============================
platform darwin -- Python 3.11.13, pytest-9.0.1, pluggy-1.6.0 -- /Users/amin/Desktop/Uni/Arshad/Project/Projects Source Code/Title Validity Test/venv/bin/python
cachedir: .pytest_cache
rootdir: /Users/amin/Desktop/Uni/Arshad/Project/Projects Source Code/Title Validity Test
configfile: pytest.ini
plugins: anyio-4.11.0
collecting ... collected 57 items

tests/test_data_loading.py::TestPFMReading::test_read_pfm_basic PASSED   [  1%]
tests/test_data_loading.py::TestPFMReading::test_read_pfm_negative_scale PASSED [  3%]
tests/test_data_loading.py::TestDepthFromDisparity::test_depth_from_disparity_basic PASSED [  5%]
tests/test_data_loading.py::TestDepthFromDisparity::test_depth_from_disparity_with_doffs PASSED [  7%]
tests/test_data_loading.py::TestDepthFromDisparity::test_depth_from_disparity_invalid_pixels PASSED [  8%]
tests/test_data_loading.py::TestCalibrationParsing::test_parse_calib_basic PASSED [ 10%]
tests/test_data_loading.py::TestCalibrationParsing::test_parse_calib_multiline_matrix PASSED [ 12%]
tests/test_data_loading.py::TestMiddleburyDataset::test_find_items_empty_directory PASSED [ 14%]
tests/test_data_loading.py::TestMiddleburyDataset::test_find_items_with_scene PASSED [ 15%]
tests/test_data_loading.py::TestMiddleburyDataset::test_load_gt_depth PASSED [ 17%]
tests/test_error_calculation.py::TestErrorCalculation::test_error_calculation_basic PASSED [ 19%]
tests/test_error_calculation.py::TestErrorCalculation::test_error_calculation_with_nan PASSED [ 21%]
tests/test_error_calculation.py::TestErrorCalculation::test_error_calculation_zero_values PASSED [ 22%]
tests/test_error_calculation.py::TestErrorCalculation::test_error_calculation_perfect_match PASSED [ 24%]
tests/test_error_calculation.py::TestErrorCalculation::test_valid_mask_computation PASSED [ 26%]
tests/test_error_calculation.py::TestErrorCalculation::test_error_statistics PASSED [ 28%]
tests/test_error_calculation.py::TestErrorCalculation::test_error_calculation_large_values PASSED [ 29%]
tests/test_error_calculation.py::TestErrorCalculation::test_error_calculation_negative_difference PASSED [ 31%]
tests/test_integration.py::TestFullPipeline::test_pipeline_data_loading_to_metrics PASSED [ 33%]
tests/test_integration.py::TestFullPipeline::test_two_camera_comparison_pipeline PASSED [ 35%]
tests/test_integration.py::TestFullPipeline::test_error_statistics_consistency PASSED [ 36%]
tests/test_integration.py::TestFullPipeline::test_metrics_consistency_across_cameras PASSED [ 38%]
tests/test_integration.py::TestDataConsistency::test_depth_map_shape_consistency PASSED [ 40%]
tests/test_integration.py::TestDataConsistency::test_valid_mask_shape_consistency PASSED [ 42%]
tests/test_integration.py::TestDataConsistency::test_metrics_dtype_consistency PASSED [ 43%]
tests/test_metrics.py::TestComputeDepthMetrics::test_metric_model_absrel_rmse PASSED [ 45%]
tests/test_metrics.py::TestComputeDepthMetrics::test_metric_model_perfect_match PASSED [ 47%]
tests/test_metrics.py::TestComputeDepthMetrics::test_metric_model_known_error PASSED [ 49%]
tests/test_metrics.py::TestComputeDepthMetrics::test_non_metric_model_silog PASSED [ 50%]
tests/test_metrics.py::TestComputeDepthMetrics::test_insufficient_valid_pixels PASSED [ 52%]
tests/test_metrics.py::TestComputeDepthMetrics::test_all_invalid_pixels PASSED [ 54%]
tests/test_metrics.py::TestComputeDepthMetrics::test_zero_depth_values PASSED [ 56%]
tests/test_metrics.py::TestComputeDepthMetrics::test_negative_depth_values PASSED [ 57%]
tests/test_metrics.py::TestComputeDepthMetrics::test_silog_scale_invariance PASSED [ 59%]
tests/test_scale_factor.py::TestScaleFactorCalculation::test_auto_scale_factor_median PASSED [ 61%]
tests/test_scale_factor.py::TestScaleFactorCalculation::test_user_provided_scale_factor PASSED [ 63%]
tests/test_scale_factor.py::TestScaleFactorCalculation::test_scale_factor_with_nan PASSED [ 64%]
tests/test_scale_factor.py::TestScaleFactorCalculation::test_scale_factor_all_invalid PASSED [ 66%]
tests/test_scale_factor.py::TestScaleFactorCalculation::test_scale_factor_zero_prediction PASSED [ 68%]
tests/test_scale_factor.py::TestScaleFactorCalculation::test_scale_factor_applied_to_prediction PASSED [ 70%]
tests/test_scale_factor.py::TestScaleFactorCalculation::test_scale_factor_large_values PASSED [ 71%]
tests/test_statistical_tests.py::TestTTest::test_welch_ttest_basic PASSED [ 73%]
tests/test_statistical_tests.py::TestTTest::test_welch_ttest_identical_arrays PASSED [ 75%]
tests/test_statistical_tests.py::TestTTest::test_welch_ttest_different_means PASSED [ 77%]
tests/test_statistical_tests.py::TestTTest::test_paired_ttest_basic PASSED [ 78%]
tests/test_statistical_tests.py::TestTTest::test_paired_ttest_identical PASSED [ 80%]
tests/test_statistical_tests.py::TestTTest::test_paired_ttest_single_value PASSED [ 82%]
tests/test_statistical_tests.py::TestBootstrapConfidenceInterval::test_bootstrap_ci_basic PASSED [ 84%]
tests/test_statistical_tests.py::TestBootstrapConfidenceInterval::test_bootstrap_ci_empty_array PASSED [ 85%]
tests/test_statistical_tests.py::TestBootstrapConfidenceInterval::test_bootstrap_ci_all_nan PASSED [ 87%]
tests/test_statistical_tests.py::TestBootstrapConfidenceInterval::test_bootstrap_ci_confidence_level PASSED [ 89%]
tests/test_statistical_tests.py::TestBootstrapConfidenceInterval::test_bootstrap_ci_contains_mean PASSED [ 91%]
tests/test_statistical_tests.py::TestBootstrapConfidenceInterval::test_bootstrap_ci_reproducibility PASSED [ 92%]
tests/test_statistical_tests.py::TestSignificanceDetermination::test_significance_p_value_threshold PASSED [ 94%]
tests/test_statistical_tests.py::TestSignificanceDetermination::test_significance_with_ttest PASSED [ 96%]
tests/test_statistical_tests.py::TestSignificanceDetermination::test_significance_nan_handling PASSED [ 98%]
tests/test_statistical_tests.py::TestSignificanceDetermination::test_mean_difference_direction PASSED [100%]

======================== 57 passed, 4 warnings in 3.15s ========================
